// Vitest Snapshot v1

exports[`matches snapshot 1`] = `
{
  "Parameters": {
    "BootstrapVersion": {
      "Default": "/cdk-bootstrap/hnb659fds/version",
      "Description": "Version of the CDK Bootstrap resources in this environment, automatically retrieved from SSM Parameter Store. [cdk:skip]",
      "Type": "AWS::SSM::Parameter::Value<String>",
    },
  },
  "Resources": {
    "PipelineArtifactsBucket7F53AAE0": {
      "DeletionPolicy": "Retain",
      "Properties": {
        "BucketEncryption": {
          "ServerSideEncryptionConfiguration": [
            {
              "ServerSideEncryptionByDefault": {
                "SSEAlgorithm": "aws:kms",
              },
            },
          ],
        },
        "PublicAccessBlockConfiguration": {
          "BlockPublicAcls": true,
          "BlockPublicPolicy": true,
          "IgnorePublicAcls": true,
          "RestrictPublicBuckets": true,
        },
      },
      "Type": "AWS::S3::Bucket",
      "UpdateReplacePolicy": "Retain",
    },
    "PipelineArtifactsBucketPolicy0797281E": {
      "Properties": {
        "Bucket": {
          "Ref": "PipelineArtifactsBucket7F53AAE0",
        },
        "PolicyDocument": {
          "Statement": [
            {
              "Action": "s3:*",
              "Condition": {
                "Bool": {
                  "aws:SecureTransport": "false",
                },
              },
              "Effect": "Deny",
              "Principal": {
                "AWS": "*",
              },
              "Resource": [
                {
                  "Fn::GetAtt": [
                    "PipelineArtifactsBucket7F53AAE0",
                    "Arn",
                  ],
                },
                {
                  "Fn::Join": [
                    "",
                    [
                      {
                        "Fn::GetAtt": [
                          "PipelineArtifactsBucket7F53AAE0",
                          "Arn",
                        ],
                      },
                      "/*",
                    ],
                  ],
                },
              ],
            },
            {
              "Action": [
                "s3:GetBucket*",
                "s3:GetObject*",
                "s3:List*",
              ],
              "Effect": "Allow",
              "Principal": {
                "AWS": {
                  "Fn::Join": [
                    "",
                    [
                      "arn:",
                      {
                        "Ref": "AWS::Partition",
                      },
                      ":iam::",
                      {
                        "Ref": "AWS::AccountId",
                      },
                      ":role/cdk-hnb659fds-deploy-role-",
                      {
                        "Ref": "AWS::AccountId",
                      },
                      "-",
                      {
                        "Ref": "AWS::Region",
                      },
                    ],
                  ],
                },
              },
              "Resource": [
                {
                  "Fn::GetAtt": [
                    "PipelineArtifactsBucket7F53AAE0",
                    "Arn",
                  ],
                },
                {
                  "Fn::Join": [
                    "",
                    [
                      {
                        "Fn::GetAtt": [
                          "PipelineArtifactsBucket7F53AAE0",
                          "Arn",
                        ],
                      },
                      "/*",
                    ],
                  ],
                },
              ],
            },
          ],
          "Version": "2012-10-17",
        },
      },
      "Type": "AWS::S3::BucketPolicy",
    },
    "PipelineAssetsFileAsset1474FBE4C": {
      "Properties": {
        "Artifacts": {
          "Type": "CODEPIPELINE",
        },
        "Cache": {
          "Type": "NO_CACHE",
        },
        "Description": "Pipeline step StubStack/Pipeline/Assets/FileAsset1",
        "EncryptionKey": "alias/aws/s3",
        "Environment": {
          "ComputeType": "BUILD_GENERAL1_SMALL",
          "Image": "aws/codebuild/standard:5.0",
          "ImagePullCredentialsType": "CODEBUILD",
          "PrivilegedMode": false,
          "Type": "LINUX_CONTAINER",
        },
        "ServiceRole": {
          "Fn::GetAtt": [
            "PipelineAssetsFileRole143C4B26",
            "Arn",
          ],
        },
        "Source": {
          "BuildSpec": "{
  \\"version\\": \\"0.2\\",
  \\"phases\\": {
    \\"install\\": {
      \\"commands\\": [
        \\"npm install -g cdk-assets@2\\"
      ]
    },
    \\"build\\": {
      \\"commands\\": [
        \\"cdk-assets --path \\\\\\"assembly-StubStack-Pipeline-Infra/StubStackPipelineInfraApiFFD89731.assets.json\\\\\\" --verbose publish \\\\\\"eb5b005c858404ea0c8f68098ed5dcdf5340e02461f149751d10f59c210d5ef8:current_account-current_region\\\\\\"\\"
      ]
    }
  }
}",
          "Type": "CODEPIPELINE",
        },
      },
      "Type": "AWS::CodeBuild::Project",
    },
    "PipelineAssetsFileRole143C4B26": {
      "Properties": {
        "AssumeRolePolicyDocument": {
          "Statement": [
            {
              "Action": "sts:AssumeRole",
              "Effect": "Allow",
              "Principal": {
                "AWS": {
                  "Fn::Join": [
                    "",
                    [
                      "arn:",
                      {
                        "Ref": "AWS::Partition",
                      },
                      ":iam::",
                      {
                        "Ref": "AWS::AccountId",
                      },
                      ":root",
                    ],
                  ],
                },
                "Service": "codebuild.amazonaws.com",
              },
            },
          ],
          "Version": "2012-10-17",
        },
      },
      "Type": "AWS::IAM::Role",
    },
    "PipelineAssetsFileRoleDefaultPolicy20EC378E": {
      "Properties": {
        "PolicyDocument": {
          "Statement": [
            {
              "Action": [
                "logs:CreateLogGroup",
                "logs:CreateLogStream",
                "logs:PutLogEvents",
              ],
              "Effect": "Allow",
              "Resource": {
                "Fn::Join": [
                  "",
                  [
                    "arn:",
                    {
                      "Ref": "AWS::Partition",
                    },
                    ":logs:",
                    {
                      "Ref": "AWS::Region",
                    },
                    ":",
                    {
                      "Ref": "AWS::AccountId",
                    },
                    ":log-group:/aws/codebuild/*",
                  ],
                ],
              },
            },
            {
              "Action": [
                "codebuild:BatchPutCodeCoverages",
                "codebuild:BatchPutTestCases",
                "codebuild:CreateReport",
                "codebuild:CreateReportGroup",
                "codebuild:UpdateReport",
              ],
              "Effect": "Allow",
              "Resource": {
                "Fn::Join": [
                  "",
                  [
                    "arn:",
                    {
                      "Ref": "AWS::Partition",
                    },
                    ":codebuild:",
                    {
                      "Ref": "AWS::Region",
                    },
                    ":",
                    {
                      "Ref": "AWS::AccountId",
                    },
                    ":report-group/*",
                  ],
                ],
              },
            },
            {
              "Action": [
                "codebuild:BatchGetBuilds",
                "codebuild:StartBuild",
                "codebuild:StopBuild",
              ],
              "Effect": "Allow",
              "Resource": "*",
            },
            {
              "Action": "sts:AssumeRole",
              "Effect": "Allow",
              "Resource": {
                "Fn::Sub": "arn:\${AWS::Partition}:iam::\${AWS::AccountId}:role/cdk-hnb659fds-file-publishing-role-\${AWS::AccountId}-\${AWS::Region}",
              },
            },
            {
              "Action": [
                "s3:GetBucket*",
                "s3:GetObject*",
                "s3:List*",
              ],
              "Effect": "Allow",
              "Resource": [
                {
                  "Fn::GetAtt": [
                    "PipelineArtifactsBucket7F53AAE0",
                    "Arn",
                  ],
                },
                {
                  "Fn::Join": [
                    "",
                    [
                      {
                        "Fn::GetAtt": [
                          "PipelineArtifactsBucket7F53AAE0",
                          "Arn",
                        ],
                      },
                      "/*",
                    ],
                  ],
                },
              ],
            },
          ],
          "Version": "2012-10-17",
        },
        "PolicyName": "PipelineAssetsFileRoleDefaultPolicy20EC378E",
        "Roles": [
          {
            "Ref": "PipelineAssetsFileRole143C4B26",
          },
        ],
      },
      "Type": "AWS::IAM::Policy",
    },
    "PipelineB4A40917": {
      "DependsOn": [
        "PipelineRoleDefaultPolicy4B97FCF9",
        "PipelineRoleE9A48147",
      ],
      "Properties": {
        "ArtifactStore": {
          "Location": {
            "Ref": "PipelineArtifactsBucket7F53AAE0",
          },
          "Type": "S3",
        },
        "RestartExecutionOnUpdate": true,
        "RoleArn": {
          "Fn::GetAtt": [
            "PipelineRoleE9A48147",
            "Arn",
          ],
        },
        "Stages": [
          {
            "Actions": [
              {
                "ActionTypeId": {
                  "Category": "Source",
                  "Owner": "AWS",
                  "Provider": "CodeStarSourceConnection",
                  "Version": "1",
                },
                "Configuration": {
                  "BranchName": "dev",
                  "ConnectionArn": "arn:aws:codestar-connections:us-east-1:11111111111:connection/xxxxxx-xxxxxxx-xxxxxxx",
                  "FullRepositoryId": "myGithubUsername/My app",
                },
                "Name": "myGithubUsername_My_app",
                "OutputArtifacts": [
                  {
                    "Name": "myGithubUsername_My_app_Source",
                  },
                ],
                "RoleArn": {
                  "Fn::GetAtt": [
                    "PipelineSourcemyGithubUsernameMyappCodePipelineActionRole917E5F5E",
                    "Arn",
                  ],
                },
                "RunOrder": 1,
              },
            ],
            "Name": "Source",
          },
          {
            "Actions": [
              {
                "ActionTypeId": {
                  "Category": "Build",
                  "Owner": "AWS",
                  "Provider": "CodeBuild",
                  "Version": "1",
                },
                "Configuration": {
                  "EnvironmentVariables": "[{\\"name\\":\\"_PROJECT_CONFIG_HASH\\",\\"type\\":\\"PLAINTEXT\\",\\"value\\":\\"bee5ebc8303e9397da0df40fc8bbbe1c70ea4b143adc86fef031bf4759fda1d8\\"}]",
                  "ProjectName": {
                    "Ref": "PipelineBuildSynthCdkBuildProject04AFB32A",
                  },
                },
                "InputArtifacts": [
                  {
                    "Name": "myGithubUsername_My_app_Source",
                  },
                ],
                "Name": "Synth",
                "OutputArtifacts": [
                  {
                    "Name": "Synth_Output",
                  },
                ],
                "RoleArn": {
                  "Fn::GetAtt": [
                    "PipelineCodeBuildActionRole0E2F119A",
                    "Arn",
                  ],
                },
                "RunOrder": 1,
              },
            ],
            "Name": "Build",
          },
          {
            "Actions": [
              {
                "ActionTypeId": {
                  "Category": "Build",
                  "Owner": "AWS",
                  "Provider": "CodeBuild",
                  "Version": "1",
                },
                "Configuration": {
                  "EnvironmentVariables": "[{\\"name\\":\\"_PROJECT_CONFIG_HASH\\",\\"type\\":\\"PLAINTEXT\\",\\"value\\":\\"22c098930f7e7724ba575abf4d87eb6b1490db1fff5be794780744c8ca31b978\\"}]",
                  "ProjectName": {
                    "Ref": "PipelineUpdatePipelineSelfMutationA57FA3CD",
                  },
                },
                "InputArtifacts": [
                  {
                    "Name": "Synth_Output",
                  },
                ],
                "Name": "SelfMutate",
                "RoleArn": {
                  "Fn::GetAtt": [
                    "PipelineCodeBuildActionRole0E2F119A",
                    "Arn",
                  ],
                },
                "RunOrder": 1,
              },
            ],
            "Name": "UpdatePipeline",
          },
          {
            "Actions": [
              {
                "ActionTypeId": {
                  "Category": "Build",
                  "Owner": "AWS",
                  "Provider": "CodeBuild",
                  "Version": "1",
                },
                "Configuration": {
                  "ProjectName": {
                    "Ref": "PipelineAssetsFileAsset1474FBE4C",
                  },
                },
                "InputArtifacts": [
                  {
                    "Name": "Synth_Output",
                  },
                ],
                "Name": "FileAsset1",
                "RoleArn": {
                  "Fn::GetAtt": [
                    "PipelineCodeBuildActionRole0E2F119A",
                    "Arn",
                  ],
                },
                "RunOrder": 1,
              },
            ],
            "Name": "Assets",
          },
          {
            "Actions": [
              {
                "ActionTypeId": {
                  "Category": "Build",
                  "Owner": "AWS",
                  "Provider": "CodeBuild",
                  "Version": "1",
                },
                "Configuration": {
                  "EnvironmentVariables": {
                    "Fn::Join": [
                      "",
                      [
                        "[{\\"name\\":\\"STAGE_PATH\\",\\"type\\":\\"PLAINTEXT\\",\\"value\\":\\"StubStack/Pipeline/Infra\\"},{\\"name\\":\\"STAGE_NAME\\",\\"type\\":\\"PLAINTEXT\\",\\"value\\":\\"Infra\\"},{\\"name\\":\\"ACTION_NAME\\",\\"type\\":\\"PLAINTEXT\\",\\"value\\":\\"IamChanges.Confirm\\"},{\\"name\\":\\"NOTIFICATION_ARN\\",\\"type\\":\\"PLAINTEXT\\",\\"value\\":\\"",
                        {
                          "Ref": "PipelineIamChangesB34C2934",
                        },
                        "\\"},{\\"name\\":\\"NOTIFICATION_SUBJECT\\",\\"type\\":\\"PLAINTEXT\\",\\"value\\":\\"Confirm permission broadening in Infra\\"}]",
                      ],
                    ],
                  },
                  "ProjectName": {
                    "Ref": "PipelinePipelinesSecurityCheckCDKSecurityCheck6D0156CD",
                  },
                },
                "InputArtifacts": [
                  {
                    "Name": "Synth_Output",
                  },
                ],
                "Name": "IamChanges.Check",
                "Namespace": "c876232fa728e3af4f35dc72ad6a726e8da8ee4998",
                "RoleArn": {
                  "Fn::GetAtt": [
                    "PipelineInfraIamChangesCheckCodePipelineActionRoleF853B3A1",
                    "Arn",
                  ],
                },
                "RunOrder": 1,
              },
              {
                "ActionTypeId": {
                  "Category": "Approval",
                  "Owner": "AWS",
                  "Provider": "Manual",
                  "Version": "1",
                },
                "Configuration": {
                  "CustomData": "#{c876232fa728e3af4f35dc72ad6a726e8da8ee4998.MESSAGE}",
                  "ExternalEntityLink": "#{c876232fa728e3af4f35dc72ad6a726e8da8ee4998.LINK}",
                },
                "Name": "IamChanges.Confirm",
                "RoleArn": {
                  "Fn::GetAtt": [
                    "PipelineInfraIamChangesConfirmCodePipelineActionRole531E54BD",
                    "Arn",
                  ],
                },
                "RunOrder": 2,
              },
              {
                "ActionTypeId": {
                  "Category": "Deploy",
                  "Owner": "AWS",
                  "Provider": "CloudFormation",
                  "Version": "1",
                },
                "Configuration": {
                  "ActionMode": "CHANGE_SET_REPLACE",
                  "Capabilities": "CAPABILITY_NAMED_IAM,CAPABILITY_AUTO_EXPAND",
                  "ChangeSetName": "PipelineChange",
                  "RoleArn": {
                    "Fn::Join": [
                      "",
                      [
                        "arn:",
                        {
                          "Ref": "AWS::Partition",
                        },
                        ":iam::",
                        {
                          "Ref": "AWS::AccountId",
                        },
                        ":role/cdk-hnb659fds-cfn-exec-role-",
                        {
                          "Ref": "AWS::AccountId",
                        },
                        "-",
                        {
                          "Ref": "AWS::Region",
                        },
                      ],
                    ],
                  },
                  "StackName": "Infra-Api",
                  "TemplatePath": "Synth_Output::assembly-StubStack-Pipeline-Infra/StubStackPipelineInfraApiFFD89731.template.json",
                },
                "InputArtifacts": [
                  {
                    "Name": "Synth_Output",
                  },
                ],
                "Name": "Api.Prepare",
                "RoleArn": {
                  "Fn::Join": [
                    "",
                    [
                      "arn:",
                      {
                        "Ref": "AWS::Partition",
                      },
                      ":iam::",
                      {
                        "Ref": "AWS::AccountId",
                      },
                      ":role/cdk-hnb659fds-deploy-role-",
                      {
                        "Ref": "AWS::AccountId",
                      },
                      "-",
                      {
                        "Ref": "AWS::Region",
                      },
                    ],
                  ],
                },
                "RunOrder": 3,
              },
              {
                "ActionTypeId": {
                  "Category": "Deploy",
                  "Owner": "AWS",
                  "Provider": "CloudFormation",
                  "Version": "1",
                },
                "Configuration": {
                  "ActionMode": "CHANGE_SET_REPLACE",
                  "Capabilities": "CAPABILITY_NAMED_IAM,CAPABILITY_AUTO_EXPAND",
                  "ChangeSetName": "PipelineChange",
                  "RoleArn": {
                    "Fn::Join": [
                      "",
                      [
                        "arn:",
                        {
                          "Ref": "AWS::Partition",
                        },
                        ":iam::",
                        {
                          "Ref": "AWS::AccountId",
                        },
                        ":role/cdk-hnb659fds-cfn-exec-role-",
                        {
                          "Ref": "AWS::AccountId",
                        },
                        "-",
                        {
                          "Ref": "AWS::Region",
                        },
                      ],
                    ],
                  },
                  "StackName": "Infra-Budgets",
                  "TemplatePath": "Synth_Output::assembly-StubStack-Pipeline-Infra/StubStackPipelineInfraBudgets833FAD73.template.json",
                },
                "InputArtifacts": [
                  {
                    "Name": "Synth_Output",
                  },
                ],
                "Name": "Budgets.Prepare",
                "RoleArn": {
                  "Fn::Join": [
                    "",
                    [
                      "arn:",
                      {
                        "Ref": "AWS::Partition",
                      },
                      ":iam::",
                      {
                        "Ref": "AWS::AccountId",
                      },
                      ":role/cdk-hnb659fds-deploy-role-",
                      {
                        "Ref": "AWS::AccountId",
                      },
                      "-",
                      {
                        "Ref": "AWS::Region",
                      },
                    ],
                  ],
                },
                "RunOrder": 3,
              },
              {
                "ActionTypeId": {
                  "Category": "Deploy",
                  "Owner": "AWS",
                  "Provider": "CloudFormation",
                  "Version": "1",
                },
                "Configuration": {
                  "ActionMode": "CHANGE_SET_REPLACE",
                  "Capabilities": "CAPABILITY_NAMED_IAM,CAPABILITY_AUTO_EXPAND",
                  "ChangeSetName": "PipelineChange",
                  "RoleArn": {
                    "Fn::Join": [
                      "",
                      [
                        "arn:",
                        {
                          "Ref": "AWS::Partition",
                        },
                        ":iam::",
                        {
                          "Ref": "AWS::AccountId",
                        },
                        ":role/cdk-hnb659fds-cfn-exec-role-",
                        {
                          "Ref": "AWS::AccountId",
                        },
                        "-",
                        {
                          "Ref": "AWS::Region",
                        },
                      ],
                    ],
                  },
                  "StackName": "Infra-Hosting",
                  "TemplatePath": "Synth_Output::assembly-StubStack-Pipeline-Infra/StubStackPipelineInfraHosting57F1674C.template.json",
                },
                "InputArtifacts": [
                  {
                    "Name": "Synth_Output",
                  },
                ],
                "Name": "Hosting.Prepare",
                "RoleArn": {
                  "Fn::Join": [
                    "",
                    [
                      "arn:",
                      {
                        "Ref": "AWS::Partition",
                      },
                      ":iam::",
                      {
                        "Ref": "AWS::AccountId",
                      },
                      ":role/cdk-hnb659fds-deploy-role-",
                      {
                        "Ref": "AWS::AccountId",
                      },
                      "-",
                      {
                        "Ref": "AWS::Region",
                      },
                    ],
                  ],
                },
                "RunOrder": 3,
              },
              {
                "ActionTypeId": {
                  "Category": "Deploy",
                  "Owner": "AWS",
                  "Provider": "CloudFormation",
                  "Version": "1",
                },
                "Configuration": {
                  "ActionMode": "CHANGE_SET_EXECUTE",
                  "ChangeSetName": "PipelineChange",
                  "StackName": "Infra-Api",
                },
                "Name": "Api.Deploy",
                "RoleArn": {
                  "Fn::Join": [
                    "",
                    [
                      "arn:",
                      {
                        "Ref": "AWS::Partition",
                      },
                      ":iam::",
                      {
                        "Ref": "AWS::AccountId",
                      },
                      ":role/cdk-hnb659fds-deploy-role-",
                      {
                        "Ref": "AWS::AccountId",
                      },
                      "-",
                      {
                        "Ref": "AWS::Region",
                      },
                    ],
                  ],
                },
                "RunOrder": 4,
              },
              {
                "ActionTypeId": {
                  "Category": "Deploy",
                  "Owner": "AWS",
                  "Provider": "CloudFormation",
                  "Version": "1",
                },
                "Configuration": {
                  "ActionMode": "CHANGE_SET_EXECUTE",
                  "ChangeSetName": "PipelineChange",
                  "StackName": "Infra-Budgets",
                },
                "Name": "Budgets.Deploy",
                "RoleArn": {
                  "Fn::Join": [
                    "",
                    [
                      "arn:",
                      {
                        "Ref": "AWS::Partition",
                      },
                      ":iam::",
                      {
                        "Ref": "AWS::AccountId",
                      },
                      ":role/cdk-hnb659fds-deploy-role-",
                      {
                        "Ref": "AWS::AccountId",
                      },
                      "-",
                      {
                        "Ref": "AWS::Region",
                      },
                    ],
                  ],
                },
                "RunOrder": 4,
              },
              {
                "ActionTypeId": {
                  "Category": "Deploy",
                  "Owner": "AWS",
                  "Provider": "CloudFormation",
                  "Version": "1",
                },
                "Configuration": {
                  "ActionMode": "CHANGE_SET_EXECUTE",
                  "ChangeSetName": "PipelineChange",
                  "StackName": "Infra-Hosting",
                },
                "Name": "Hosting.Deploy",
                "Namespace": "StubStackPipelineInfraHosting57F1674C",
                "RoleArn": {
                  "Fn::Join": [
                    "",
                    [
                      "arn:",
                      {
                        "Ref": "AWS::Partition",
                      },
                      ":iam::",
                      {
                        "Ref": "AWS::AccountId",
                      },
                      ":role/cdk-hnb659fds-deploy-role-",
                      {
                        "Ref": "AWS::AccountId",
                      },
                      "-",
                      {
                        "Ref": "AWS::Region",
                      },
                    ],
                  ],
                },
                "RunOrder": 4,
              },
              {
                "ActionTypeId": {
                  "Category": "Build",
                  "Owner": "AWS",
                  "Provider": "CodeBuild",
                  "Version": "1",
                },
                "Configuration": {
                  "EnvironmentVariables": "[{\\"name\\":\\"AMPLIFY_APP_ID\\",\\"type\\":\\"PLAINTEXT\\",\\"value\\":\\"#{StubStackPipelineInfraHosting57F1674C.AmplifyAppIdOutput}\\"}]",
                  "ProjectName": {
                    "Ref": "PipelineInfraDeployToAmplifyFEDF9390",
                  },
                },
                "InputArtifacts": [
                  {
                    "Name": "myGithubUsername_My_app_Source",
                  },
                ],
                "Name": "DeployToAmplify",
                "RoleArn": {
                  "Fn::GetAtt": [
                    "PipelineCodeBuildActionRole0E2F119A",
                    "Arn",
                  ],
                },
                "RunOrder": 5,
              },
            ],
            "Name": "Infra",
          },
        ],
        "Tags": [
          {
            "Key": "SECURITY_CHECK",
            "Value": "ALLOW_APPROVE",
          },
        ],
      },
      "Type": "AWS::CodePipeline::Pipeline",
    },
    "PipelineBuildSynthCdkBuildProject04AFB32A": {
      "Properties": {
        "Artifacts": {
          "Type": "CODEPIPELINE",
        },
        "Cache": {
          "Type": "NO_CACHE",
        },
        "Description": "Pipeline step StubStack/Pipeline/Build/Synth",
        "EncryptionKey": "alias/aws/s3",
        "Environment": {
          "ComputeType": "BUILD_GENERAL1_SMALL",
          "Image": "aws/codebuild/standard:5.0",
          "ImagePullCredentialsType": "CODEBUILD",
          "PrivilegedMode": false,
          "Type": "LINUX_CONTAINER",
        },
        "ServiceRole": {
          "Fn::GetAtt": [
            "PipelineBuildSynthCdkBuildProjectRoleA0BDD66B",
            "Arn",
          ],
        },
        "Source": {
          "BuildSpec": "{
  \\"version\\": \\"0.2\\",
  \\"phases\\": {
    \\"install\\": {
      \\"commands\\": [
        \\"cd infra\\",
        \\"npm ci\\"
      ]
    },
    \\"build\\": {
      \\"commands\\": [
        \\"npm run test:ci\\",
        \\"npx cdk synth\\"
      ]
    }
  },
  \\"artifacts\\": {
    \\"base-directory\\": \\"infra/cdk.out\\",
    \\"files\\": \\"**/*\\"
  }
}",
          "Type": "CODEPIPELINE",
        },
      },
      "Type": "AWS::CodeBuild::Project",
    },
    "PipelineBuildSynthCdkBuildProjectRoleA0BDD66B": {
      "Properties": {
        "AssumeRolePolicyDocument": {
          "Statement": [
            {
              "Action": "sts:AssumeRole",
              "Effect": "Allow",
              "Principal": {
                "Service": "codebuild.amazonaws.com",
              },
            },
          ],
          "Version": "2012-10-17",
        },
      },
      "Type": "AWS::IAM::Role",
    },
    "PipelineBuildSynthCdkBuildProjectRoleDefaultPolicy01240DCE": {
      "Properties": {
        "PolicyDocument": {
          "Statement": [
            {
              "Action": [
                "logs:CreateLogGroup",
                "logs:CreateLogStream",
                "logs:PutLogEvents",
              ],
              "Effect": "Allow",
              "Resource": [
                {
                  "Fn::Join": [
                    "",
                    [
                      "arn:",
                      {
                        "Ref": "AWS::Partition",
                      },
                      ":logs:",
                      {
                        "Ref": "AWS::Region",
                      },
                      ":",
                      {
                        "Ref": "AWS::AccountId",
                      },
                      ":log-group:/aws/codebuild/",
                      {
                        "Ref": "PipelineBuildSynthCdkBuildProject04AFB32A",
                      },
                      ":*",
                    ],
                  ],
                },
                {
                  "Fn::Join": [
                    "",
                    [
                      "arn:",
                      {
                        "Ref": "AWS::Partition",
                      },
                      ":logs:",
                      {
                        "Ref": "AWS::Region",
                      },
                      ":",
                      {
                        "Ref": "AWS::AccountId",
                      },
                      ":log-group:/aws/codebuild/",
                      {
                        "Ref": "PipelineBuildSynthCdkBuildProject04AFB32A",
                      },
                    ],
                  ],
                },
              ],
            },
            {
              "Action": [
                "codebuild:BatchPutCodeCoverages",
                "codebuild:BatchPutTestCases",
                "codebuild:CreateReport",
                "codebuild:CreateReportGroup",
                "codebuild:UpdateReport",
              ],
              "Effect": "Allow",
              "Resource": {
                "Fn::Join": [
                  "",
                  [
                    "arn:",
                    {
                      "Ref": "AWS::Partition",
                    },
                    ":codebuild:",
                    {
                      "Ref": "AWS::Region",
                    },
                    ":",
                    {
                      "Ref": "AWS::AccountId",
                    },
                    ":report-group/",
                    {
                      "Ref": "PipelineBuildSynthCdkBuildProject04AFB32A",
                    },
                    "-*",
                  ],
                ],
              },
            },
            {
              "Action": [
                "s3:Abort*",
                "s3:DeleteObject*",
                "s3:GetBucket*",
                "s3:GetObject*",
                "s3:List*",
                "s3:PutObject",
                "s3:PutObjectLegalHold",
                "s3:PutObjectRetention",
                "s3:PutObjectTagging",
                "s3:PutObjectVersionTagging",
              ],
              "Effect": "Allow",
              "Resource": [
                {
                  "Fn::GetAtt": [
                    "PipelineArtifactsBucket7F53AAE0",
                    "Arn",
                  ],
                },
                {
                  "Fn::Join": [
                    "",
                    [
                      {
                        "Fn::GetAtt": [
                          "PipelineArtifactsBucket7F53AAE0",
                          "Arn",
                        ],
                      },
                      "/*",
                    ],
                  ],
                },
              ],
            },
          ],
          "Version": "2012-10-17",
        },
        "PolicyName": "PipelineBuildSynthCdkBuildProjectRoleDefaultPolicy01240DCE",
        "Roles": [
          {
            "Ref": "PipelineBuildSynthCdkBuildProjectRoleA0BDD66B",
          },
        ],
      },
      "Type": "AWS::IAM::Policy",
    },
    "PipelineCodeBuildActionRole0E2F119A": {
      "Properties": {
        "AssumeRolePolicyDocument": {
          "Statement": [
            {
              "Action": "sts:AssumeRole",
              "Condition": {
                "Bool": {
                  "aws:ViaAWSService": "codepipeline.amazonaws.com",
                },
              },
              "Effect": "Allow",
              "Principal": {
                "AWS": {
                  "Fn::Join": [
                    "",
                    [
                      "arn:",
                      {
                        "Ref": "AWS::Partition",
                      },
                      ":iam::",
                      {
                        "Ref": "AWS::AccountId",
                      },
                      ":root",
                    ],
                  ],
                },
              },
            },
          ],
          "Version": "2012-10-17",
        },
      },
      "Type": "AWS::IAM::Role",
    },
    "PipelineCodeBuildActionRoleDefaultPolicyE9F07917": {
      "Properties": {
        "PolicyDocument": {
          "Statement": [
            {
              "Action": [
                "codebuild:BatchGetBuilds",
                "codebuild:StartBuild",
                "codebuild:StopBuild",
              ],
              "Effect": "Allow",
              "Resource": [
                {
                  "Fn::GetAtt": [
                    "PipelineAssetsFileAsset1474FBE4C",
                    "Arn",
                  ],
                },
                {
                  "Fn::GetAtt": [
                    "PipelineBuildSynthCdkBuildProject04AFB32A",
                    "Arn",
                  ],
                },
                {
                  "Fn::GetAtt": [
                    "PipelineInfraDeployToAmplifyFEDF9390",
                    "Arn",
                  ],
                },
                {
                  "Fn::GetAtt": [
                    "PipelineUpdatePipelineSelfMutationA57FA3CD",
                    "Arn",
                  ],
                },
              ],
            },
          ],
          "Version": "2012-10-17",
        },
        "PolicyName": "PipelineCodeBuildActionRoleDefaultPolicyE9F07917",
        "Roles": [
          {
            "Ref": "PipelineCodeBuildActionRole0E2F119A",
          },
        ],
      },
      "Type": "AWS::IAM::Policy",
    },
    "PipelineIamChangesB34C2934": {
      "Type": "AWS::SNS::Topic",
    },
    "PipelineIamChangesjaneexamplecom3C4AB159": {
      "Properties": {
        "Endpoint": "jane@example.com",
        "Protocol": "email",
        "TopicArn": {
          "Ref": "PipelineIamChangesB34C2934",
        },
      },
      "Type": "AWS::SNS::Subscription",
    },
    "PipelineInfraDeployToAmplifyFEDF9390": {
      "Properties": {
        "Artifacts": {
          "Type": "CODEPIPELINE",
        },
        "Cache": {
          "Type": "NO_CACHE",
        },
        "Description": "Pipeline step StubStack/Pipeline/Infra/DeployToAmplify",
        "EncryptionKey": "alias/aws/s3",
        "Environment": {
          "ComputeType": "BUILD_GENERAL1_SMALL",
          "Image": "aws/codebuild/standard:5.0",
          "ImagePullCredentialsType": "CODEBUILD",
          "PrivilegedMode": false,
          "Type": "LINUX_CONTAINER",
        },
        "ServiceRole": {
          "Fn::GetAtt": [
            "PipelineInfraDeployToAmplifyRole721EE6F6",
            "Arn",
          ],
        },
        "Source": {
          "BuildSpec": "{
  \\"version\\": \\"0.2\\",
  \\"phases\\": {
    \\"build\\": {
      \\"commands\\": [
        \\"aws amplify start-job --app-id \\\\\\"$AMPLIFY_APP_ID\\\\\\" --job-type RELEASE --branch-name dev\\"
      ]
    }
  }
}",
          "Type": "CODEPIPELINE",
        },
      },
      "Type": "AWS::CodeBuild::Project",
    },
    "PipelineInfraDeployToAmplifyRole721EE6F6": {
      "Properties": {
        "AssumeRolePolicyDocument": {
          "Statement": [
            {
              "Action": "sts:AssumeRole",
              "Effect": "Allow",
              "Principal": {
                "Service": "codebuild.amazonaws.com",
              },
            },
          ],
          "Version": "2012-10-17",
        },
      },
      "Type": "AWS::IAM::Role",
    },
    "PipelineInfraDeployToAmplifyRoleDefaultPolicyFFD164A1": {
      "Properties": {
        "PolicyDocument": {
          "Statement": [
            {
              "Action": [
                "logs:CreateLogGroup",
                "logs:CreateLogStream",
                "logs:PutLogEvents",
              ],
              "Effect": "Allow",
              "Resource": [
                {
                  "Fn::Join": [
                    "",
                    [
                      "arn:",
                      {
                        "Ref": "AWS::Partition",
                      },
                      ":logs:",
                      {
                        "Ref": "AWS::Region",
                      },
                      ":",
                      {
                        "Ref": "AWS::AccountId",
                      },
                      ":log-group:/aws/codebuild/",
                      {
                        "Ref": "PipelineInfraDeployToAmplifyFEDF9390",
                      },
                      ":*",
                    ],
                  ],
                },
                {
                  "Fn::Join": [
                    "",
                    [
                      "arn:",
                      {
                        "Ref": "AWS::Partition",
                      },
                      ":logs:",
                      {
                        "Ref": "AWS::Region",
                      },
                      ":",
                      {
                        "Ref": "AWS::AccountId",
                      },
                      ":log-group:/aws/codebuild/",
                      {
                        "Ref": "PipelineInfraDeployToAmplifyFEDF9390",
                      },
                    ],
                  ],
                },
              ],
            },
            {
              "Action": [
                "codebuild:BatchPutCodeCoverages",
                "codebuild:BatchPutTestCases",
                "codebuild:CreateReport",
                "codebuild:CreateReportGroup",
                "codebuild:UpdateReport",
              ],
              "Effect": "Allow",
              "Resource": {
                "Fn::Join": [
                  "",
                  [
                    "arn:",
                    {
                      "Ref": "AWS::Partition",
                    },
                    ":codebuild:",
                    {
                      "Ref": "AWS::Region",
                    },
                    ":",
                    {
                      "Ref": "AWS::AccountId",
                    },
                    ":report-group/",
                    {
                      "Ref": "PipelineInfraDeployToAmplifyFEDF9390",
                    },
                    "-*",
                  ],
                ],
              },
            },
            {
              "Action": "amplify:StartJob",
              "Effect": "Allow",
              "Resource": {
                "Fn::Join": [
                  "",
                  [
                    "arn:",
                    {
                      "Ref": "AWS::Partition",
                    },
                    ":amplify:",
                    {
                      "Ref": "AWS::Region",
                    },
                    ":",
                    {
                      "Ref": "AWS::AccountId",
                    },
                    ":apps/*/branches/dev/jobs/*",
                  ],
                ],
              },
            },
            {
              "Action": [
                "s3:GetBucket*",
                "s3:GetObject*",
                "s3:List*",
              ],
              "Effect": "Allow",
              "Resource": [
                {
                  "Fn::GetAtt": [
                    "PipelineArtifactsBucket7F53AAE0",
                    "Arn",
                  ],
                },
                {
                  "Fn::Join": [
                    "",
                    [
                      {
                        "Fn::GetAtt": [
                          "PipelineArtifactsBucket7F53AAE0",
                          "Arn",
                        ],
                      },
                      "/*",
                    ],
                  ],
                },
              ],
            },
          ],
          "Version": "2012-10-17",
        },
        "PolicyName": "PipelineInfraDeployToAmplifyRoleDefaultPolicyFFD164A1",
        "Roles": [
          {
            "Ref": "PipelineInfraDeployToAmplifyRole721EE6F6",
          },
        ],
      },
      "Type": "AWS::IAM::Policy",
    },
    "PipelineInfraIamChangesCheckCodePipelineActionRoleDefaultPolicy4076B173": {
      "Properties": {
        "PolicyDocument": {
          "Statement": [
            {
              "Action": [
                "codebuild:BatchGetBuilds",
                "codebuild:StartBuild",
                "codebuild:StopBuild",
              ],
              "Effect": "Allow",
              "Resource": {
                "Fn::GetAtt": [
                  "PipelinePipelinesSecurityCheckCDKSecurityCheck6D0156CD",
                  "Arn",
                ],
              },
            },
          ],
          "Version": "2012-10-17",
        },
        "PolicyName": "PipelineInfraIamChangesCheckCodePipelineActionRoleDefaultPolicy4076B173",
        "Roles": [
          {
            "Ref": "PipelineInfraIamChangesCheckCodePipelineActionRoleF853B3A1",
          },
        ],
      },
      "Type": "AWS::IAM::Policy",
    },
    "PipelineInfraIamChangesCheckCodePipelineActionRoleF853B3A1": {
      "Properties": {
        "AssumeRolePolicyDocument": {
          "Statement": [
            {
              "Action": "sts:AssumeRole",
              "Effect": "Allow",
              "Principal": {
                "AWS": {
                  "Fn::Join": [
                    "",
                    [
                      "arn:",
                      {
                        "Ref": "AWS::Partition",
                      },
                      ":iam::",
                      {
                        "Ref": "AWS::AccountId",
                      },
                      ":root",
                    ],
                  ],
                },
              },
            },
          ],
          "Version": "2012-10-17",
        },
      },
      "Type": "AWS::IAM::Role",
    },
    "PipelineInfraIamChangesConfirmCodePipelineActionRole531E54BD": {
      "Properties": {
        "AssumeRolePolicyDocument": {
          "Statement": [
            {
              "Action": "sts:AssumeRole",
              "Effect": "Allow",
              "Principal": {
                "AWS": {
                  "Fn::Join": [
                    "",
                    [
                      "arn:",
                      {
                        "Ref": "AWS::Partition",
                      },
                      ":iam::",
                      {
                        "Ref": "AWS::AccountId",
                      },
                      ":root",
                    ],
                  ],
                },
              },
            },
          ],
          "Version": "2012-10-17",
        },
      },
      "Type": "AWS::IAM::Role",
    },
    "PipelinePipelinesSecurityCheckCDKPipelinesAutoApprove28EEF95A": {
      "DependsOn": [
        "PipelinePipelinesSecurityCheckCDKPipelinesAutoApproveServiceRoleDefaultPolicy037A6D65",
        "PipelinePipelinesSecurityCheckCDKPipelinesAutoApproveServiceRole7140D3B4",
      ],
      "Properties": {
        "Code": {
          "S3Bucket": {
            "Fn::Sub": "cdk-hnb659fds-assets-\${AWS::AccountId}-\${AWS::Region}",
          },
          "S3Key": "a3c062e5267fe086cbdda2278be23e3adb83aec16d0425f53218ab43e197dbf3.zip",
        },
        "Handler": "index.handler",
        "Role": {
          "Fn::GetAtt": [
            "PipelinePipelinesSecurityCheckCDKPipelinesAutoApproveServiceRole7140D3B4",
            "Arn",
          ],
        },
        "Runtime": "nodejs14.x",
        "Timeout": 300,
      },
      "Type": "AWS::Lambda::Function",
    },
    "PipelinePipelinesSecurityCheckCDKPipelinesAutoApproveServiceRole7140D3B4": {
      "Properties": {
        "AssumeRolePolicyDocument": {
          "Statement": [
            {
              "Action": "sts:AssumeRole",
              "Effect": "Allow",
              "Principal": {
                "Service": "lambda.amazonaws.com",
              },
            },
          ],
          "Version": "2012-10-17",
        },
        "ManagedPolicyArns": [
          {
            "Fn::Join": [
              "",
              [
                "arn:",
                {
                  "Ref": "AWS::Partition",
                },
                ":iam::aws:policy/service-role/AWSLambdaBasicExecutionRole",
              ],
            ],
          },
        ],
      },
      "Type": "AWS::IAM::Role",
    },
    "PipelinePipelinesSecurityCheckCDKPipelinesAutoApproveServiceRoleDefaultPolicy037A6D65": {
      "Properties": {
        "PolicyDocument": {
          "Statement": [
            {
              "Action": [
                "codepipeline:GetPipelineState",
                "codepipeline:PutApprovalResult",
              ],
              "Condition": {
                "StringEquals": {
                  "aws:ResourceTag/SECURITY_CHECK": "ALLOW_APPROVE",
                },
              },
              "Effect": "Allow",
              "Resource": "*",
            },
          ],
          "Version": "2012-10-17",
        },
        "PolicyName": "PipelinePipelinesSecurityCheckCDKPipelinesAutoApproveServiceRoleDefaultPolicy037A6D65",
        "Roles": [
          {
            "Ref": "PipelinePipelinesSecurityCheckCDKPipelinesAutoApproveServiceRole7140D3B4",
          },
        ],
      },
      "Type": "AWS::IAM::Policy",
    },
    "PipelinePipelinesSecurityCheckCDKSecurityCheck6D0156CD": {
      "Properties": {
        "Artifacts": {
          "Type": "NO_ARTIFACTS",
        },
        "Cache": {
          "Type": "NO_CACHE",
        },
        "EncryptionKey": "alias/aws/s3",
        "Environment": {
          "ComputeType": "BUILD_GENERAL1_SMALL",
          "Image": "aws/codebuild/standard:5.0",
          "ImagePullCredentialsType": "CODEBUILD",
          "PrivilegedMode": false,
          "Type": "LINUX_CONTAINER",
        },
        "ServiceRole": {
          "Fn::GetAtt": [
            "PipelinePipelinesSecurityCheckCDKSecurityCheckRole5A871779",
            "Arn",
          ],
        },
        "Source": {
          "BuildSpec": {
            "Fn::Join": [
              "",
              [
                "{
  \\"version\\": 0.2,
  \\"phases\\": {
    \\"build\\": {
      \\"commands\\": [
        \\"npm install -g aws-cdk\\",
        \\"export PIPELINE_NAME=\\\\\\"$(node -pe '\`\${process.env.CODEBUILD_INITIATOR}\`.split(\\\\\\"/\\\\\\")[1]')\\\\\\"\\",
        \\"payload=\\\\\\"$(node -pe 'JSON.stringify({ \\\\\\"PipelineName\\\\\\": process.env.PIPELINE_NAME, \\\\\\"StageName\\\\\\": process.env.STAGE_NAME, \\\\\\"ActionName\\\\\\": process.env.ACTION_NAME })' )\\\\\\"\\",
        \\"ARN=$CODEBUILD_BUILD_ARN\\",
        \\"REGION=\\\\\\"$(node -pe '\`\${process.env.ARN}\`.split(\\\\\\":\\\\\\")[3]')\\\\\\"\\",
        \\"ACCOUNT_ID=\\\\\\"$(node -pe '\`\${process.env.ARN}\`.split(\\\\\\":\\\\\\")[4]')\\\\\\"\\",
        \\"PROJECT_NAME=\\\\\\"$(node -pe '\`\${process.env.ARN}\`.split(\\\\\\":\\\\\\")[5].split(\\\\\\"/\\\\\\")[1]')\\\\\\"\\",
        \\"PROJECT_ID=\\\\\\"$(node -pe '\`\${process.env.ARN}\`.split(\\\\\\":\\\\\\")[6]')\\\\\\"\\",
        \\"export LINK=\\\\\\"https://$REGION.console.aws.amazon.com/codesuite/codebuild/$ACCOUNT_ID/projects/$PROJECT_NAME/build/$PROJECT_NAME:$PROJECT_ID/?region=$REGION\\\\\\"\\",
        \\"export PIPELINE_LINK=\\\\\\"https://$REGION.console.aws.amazon.com/codesuite/codepipeline/pipelines/$PIPELINE_NAME/view?region=$REGION\\\\\\"\\",
        \\"if cdk diff -a . --security-only --fail $STAGE_PATH/\\\\\\\\*; then aws lambda invoke --function-name ",
                {
                  "Ref": "PipelinePipelinesSecurityCheckCDKPipelinesAutoApprove28EEF95A",
                },
                " --invocation-type Event --cli-binary-format raw-in-base64-out --payload \\\\\\"$payload\\\\\\" lambda.out; export MESSAGE=\\\\\\"No security-impacting changes detected.\\\\\\"; else [ -z \\\\\\"\${NOTIFICATION_ARN}\\\\\\" ] || aws sns publish --topic-arn $NOTIFICATION_ARN --subject \\\\\\"$NOTIFICATION_SUBJECT\\\\\\" --message \\\\\\"An upcoming change would broaden security changes in $PIPELINE_NAME.\\\\nReview and approve the changes in CodePipeline to proceed with the deployment.\\\\n\\\\nReview the changes in CodeBuild:\\\\n\\\\n$LINK\\\\n\\\\nApprove the changes in CodePipeline (stage $STAGE_NAME, action $ACTION_NAME):\\\\n\\\\n$PIPELINE_LINK\\\\\\"; export MESSAGE=\\\\\\"Deployment would make security-impacting changes. Click the link below to inspect them, then click Approve if all changes are expected.\\\\\\"; fi\\"
      ]
    }
  },
  \\"env\\": {
    \\"exported-variables\\": [
      \\"LINK\\",
      \\"MESSAGE\\"
    ]
  }
}",
              ],
            ],
          },
          "Type": "NO_SOURCE",
        },
      },
      "Type": "AWS::CodeBuild::Project",
    },
    "PipelinePipelinesSecurityCheckCDKSecurityCheckRole5A871779": {
      "Properties": {
        "AssumeRolePolicyDocument": {
          "Statement": [
            {
              "Action": "sts:AssumeRole",
              "Effect": "Allow",
              "Principal": {
                "Service": "codebuild.amazonaws.com",
              },
            },
          ],
          "Version": "2012-10-17",
        },
      },
      "Type": "AWS::IAM::Role",
    },
    "PipelinePipelinesSecurityCheckCDKSecurityCheckRoleDefaultPolicy14DC476E": {
      "Properties": {
        "PolicyDocument": {
          "Statement": [
            {
              "Action": [
                "logs:CreateLogGroup",
                "logs:CreateLogStream",
                "logs:PutLogEvents",
              ],
              "Effect": "Allow",
              "Resource": [
                {
                  "Fn::Join": [
                    "",
                    [
                      "arn:",
                      {
                        "Ref": "AWS::Partition",
                      },
                      ":logs:",
                      {
                        "Ref": "AWS::Region",
                      },
                      ":",
                      {
                        "Ref": "AWS::AccountId",
                      },
                      ":log-group:/aws/codebuild/",
                      {
                        "Ref": "PipelinePipelinesSecurityCheckCDKSecurityCheck6D0156CD",
                      },
                      ":*",
                    ],
                  ],
                },
                {
                  "Fn::Join": [
                    "",
                    [
                      "arn:",
                      {
                        "Ref": "AWS::Partition",
                      },
                      ":logs:",
                      {
                        "Ref": "AWS::Region",
                      },
                      ":",
                      {
                        "Ref": "AWS::AccountId",
                      },
                      ":log-group:/aws/codebuild/",
                      {
                        "Ref": "PipelinePipelinesSecurityCheckCDKSecurityCheck6D0156CD",
                      },
                    ],
                  ],
                },
              ],
            },
            {
              "Action": [
                "codebuild:BatchPutCodeCoverages",
                "codebuild:BatchPutTestCases",
                "codebuild:CreateReport",
                "codebuild:CreateReportGroup",
                "codebuild:UpdateReport",
              ],
              "Effect": "Allow",
              "Resource": {
                "Fn::Join": [
                  "",
                  [
                    "arn:",
                    {
                      "Ref": "AWS::Partition",
                    },
                    ":codebuild:",
                    {
                      "Ref": "AWS::Region",
                    },
                    ":",
                    {
                      "Ref": "AWS::AccountId",
                    },
                    ":report-group/",
                    {
                      "Ref": "PipelinePipelinesSecurityCheckCDKSecurityCheck6D0156CD",
                    },
                    "-*",
                  ],
                ],
              },
            },
            {
              "Action": "sts:AssumeRole",
              "Condition": {
                "ForAnyValue:StringEquals": {
                  "iam:ResourceTag/aws-cdk:bootstrap-role": [
                    "deploy",
                  ],
                },
              },
              "Effect": "Allow",
              "Resource": "*",
            },
            {
              "Action": "lambda:InvokeFunction",
              "Effect": "Allow",
              "Resource": [
                {
                  "Fn::GetAtt": [
                    "PipelinePipelinesSecurityCheckCDKPipelinesAutoApprove28EEF95A",
                    "Arn",
                  ],
                },
                {
                  "Fn::Join": [
                    "",
                    [
                      {
                        "Fn::GetAtt": [
                          "PipelinePipelinesSecurityCheckCDKPipelinesAutoApprove28EEF95A",
                          "Arn",
                        ],
                      },
                      ":*",
                    ],
                  ],
                },
              ],
            },
            {
              "Action": "sns:Publish",
              "Effect": "Allow",
              "Resource": {
                "Ref": "PipelineIamChangesB34C2934",
              },
            },
            {
              "Action": [
                "s3:GetBucket*",
                "s3:GetObject*",
                "s3:List*",
              ],
              "Effect": "Allow",
              "Resource": [
                {
                  "Fn::GetAtt": [
                    "PipelineArtifactsBucket7F53AAE0",
                    "Arn",
                  ],
                },
                {
                  "Fn::Join": [
                    "",
                    [
                      {
                        "Fn::GetAtt": [
                          "PipelineArtifactsBucket7F53AAE0",
                          "Arn",
                        ],
                      },
                      "/*",
                    ],
                  ],
                },
              ],
            },
          ],
          "Version": "2012-10-17",
        },
        "PolicyName": "PipelinePipelinesSecurityCheckCDKSecurityCheckRoleDefaultPolicy14DC476E",
        "Roles": [
          {
            "Ref": "PipelinePipelinesSecurityCheckCDKSecurityCheckRole5A871779",
          },
        ],
      },
      "Type": "AWS::IAM::Policy",
    },
    "PipelineRoleDefaultPolicy4B97FCF9": {
      "Properties": {
        "PolicyDocument": {
          "Statement": [
            {
              "Action": [
                "s3:Abort*",
                "s3:DeleteObject*",
                "s3:GetBucket*",
                "s3:GetObject*",
                "s3:List*",
                "s3:PutObject",
                "s3:PutObjectLegalHold",
                "s3:PutObjectRetention",
                "s3:PutObjectTagging",
                "s3:PutObjectVersionTagging",
              ],
              "Effect": "Allow",
              "Resource": [
                {
                  "Fn::GetAtt": [
                    "PipelineArtifactsBucket7F53AAE0",
                    "Arn",
                  ],
                },
                {
                  "Fn::Join": [
                    "",
                    [
                      {
                        "Fn::GetAtt": [
                          "PipelineArtifactsBucket7F53AAE0",
                          "Arn",
                        ],
                      },
                      "/*",
                    ],
                  ],
                },
              ],
            },
            {
              "Action": "sts:AssumeRole",
              "Effect": "Allow",
              "Resource": [
                {
                  "Fn::GetAtt": [
                    "PipelineCodeBuildActionRole0E2F119A",
                    "Arn",
                  ],
                },
                {
                  "Fn::GetAtt": [
                    "PipelineInfraIamChangesCheckCodePipelineActionRoleF853B3A1",
                    "Arn",
                  ],
                },
                {
                  "Fn::GetAtt": [
                    "PipelineInfraIamChangesConfirmCodePipelineActionRole531E54BD",
                    "Arn",
                  ],
                },
                {
                  "Fn::GetAtt": [
                    "PipelineSourcemyGithubUsernameMyappCodePipelineActionRole917E5F5E",
                    "Arn",
                  ],
                },
                {
                  "Fn::Join": [
                    "",
                    [
                      "arn:",
                      {
                        "Ref": "AWS::Partition",
                      },
                      ":iam::",
                      {
                        "Ref": "AWS::AccountId",
                      },
                      ":role/cdk-hnb659fds-deploy-role-",
                      {
                        "Ref": "AWS::AccountId",
                      },
                      "-",
                      {
                        "Ref": "AWS::Region",
                      },
                    ],
                  ],
                },
              ],
            },
          ],
          "Version": "2012-10-17",
        },
        "PolicyName": "PipelineRoleDefaultPolicy4B97FCF9",
        "Roles": [
          {
            "Ref": "PipelineRoleE9A48147",
          },
        ],
      },
      "Type": "AWS::IAM::Policy",
    },
    "PipelineRoleE9A48147": {
      "Properties": {
        "AssumeRolePolicyDocument": {
          "Statement": [
            {
              "Action": "sts:AssumeRole",
              "Effect": "Allow",
              "Principal": {
                "Service": "codepipeline.amazonaws.com",
              },
            },
          ],
          "Version": "2012-10-17",
        },
      },
      "Type": "AWS::IAM::Role",
    },
    "PipelineSourcemyGithubUsernameMyappCodePipelineActionRole917E5F5E": {
      "Properties": {
        "AssumeRolePolicyDocument": {
          "Statement": [
            {
              "Action": "sts:AssumeRole",
              "Effect": "Allow",
              "Principal": {
                "AWS": {
                  "Fn::Join": [
                    "",
                    [
                      "arn:",
                      {
                        "Ref": "AWS::Partition",
                      },
                      ":iam::",
                      {
                        "Ref": "AWS::AccountId",
                      },
                      ":root",
                    ],
                  ],
                },
              },
            },
          ],
          "Version": "2012-10-17",
        },
      },
      "Type": "AWS::IAM::Role",
    },
    "PipelineSourcemyGithubUsernameMyappCodePipelineActionRoleDefaultPolicyA01ABA7F": {
      "Properties": {
        "PolicyDocument": {
          "Statement": [
            {
              "Action": "codestar-connections:UseConnection",
              "Effect": "Allow",
              "Resource": "arn:aws:codestar-connections:us-east-1:11111111111:connection/xxxxxx-xxxxxxx-xxxxxxx",
            },
            {
              "Action": [
                "s3:Abort*",
                "s3:DeleteObject*",
                "s3:GetBucket*",
                "s3:GetObject*",
                "s3:List*",
                "s3:PutObject",
                "s3:PutObjectLegalHold",
                "s3:PutObjectRetention",
                "s3:PutObjectTagging",
                "s3:PutObjectVersionTagging",
              ],
              "Effect": "Allow",
              "Resource": [
                {
                  "Fn::GetAtt": [
                    "PipelineArtifactsBucket7F53AAE0",
                    "Arn",
                  ],
                },
                {
                  "Fn::Join": [
                    "",
                    [
                      {
                        "Fn::GetAtt": [
                          "PipelineArtifactsBucket7F53AAE0",
                          "Arn",
                        ],
                      },
                      "/*",
                    ],
                  ],
                },
              ],
            },
            {
              "Action": [
                "s3:PutObjectAcl",
                "s3:PutObjectVersionAcl",
              ],
              "Effect": "Allow",
              "Resource": {
                "Fn::Join": [
                  "",
                  [
                    {
                      "Fn::GetAtt": [
                        "PipelineArtifactsBucket7F53AAE0",
                        "Arn",
                      ],
                    },
                    "/*",
                  ],
                ],
              },
            },
          ],
          "Version": "2012-10-17",
        },
        "PolicyName": "PipelineSourcemyGithubUsernameMyappCodePipelineActionRoleDefaultPolicyA01ABA7F",
        "Roles": [
          {
            "Ref": "PipelineSourcemyGithubUsernameMyappCodePipelineActionRole917E5F5E",
          },
        ],
      },
      "Type": "AWS::IAM::Policy",
    },
    "PipelineUpdatePipelineSelfMutationA57FA3CD": {
      "Properties": {
        "Artifacts": {
          "Type": "CODEPIPELINE",
        },
        "Cache": {
          "Type": "NO_CACHE",
        },
        "Description": "Pipeline step StubStack/Pipeline/UpdatePipeline/SelfMutate",
        "EncryptionKey": "alias/aws/s3",
        "Environment": {
          "ComputeType": "BUILD_GENERAL1_SMALL",
          "Image": "aws/codebuild/standard:5.0",
          "ImagePullCredentialsType": "CODEBUILD",
          "PrivilegedMode": false,
          "Type": "LINUX_CONTAINER",
        },
        "ServiceRole": {
          "Fn::GetAtt": [
            "PipelineUpdatePipelineSelfMutationRoleE992F4FA",
            "Arn",
          ],
        },
        "Source": {
          "BuildSpec": "{
  \\"version\\": \\"0.2\\",
  \\"phases\\": {
    \\"install\\": {
      \\"commands\\": [
        \\"npm install -g aws-cdk@2\\"
      ]
    },
    \\"build\\": {
      \\"commands\\": [
        \\"cdk -a . deploy StubStack --require-approval=never --verbose\\"
      ]
    }
  }
}",
          "Type": "CODEPIPELINE",
        },
      },
      "Type": "AWS::CodeBuild::Project",
    },
    "PipelineUpdatePipelineSelfMutationRoleDefaultPolicyA405C263": {
      "Properties": {
        "PolicyDocument": {
          "Statement": [
            {
              "Action": [
                "logs:CreateLogGroup",
                "logs:CreateLogStream",
                "logs:PutLogEvents",
              ],
              "Effect": "Allow",
              "Resource": [
                {
                  "Fn::Join": [
                    "",
                    [
                      "arn:",
                      {
                        "Ref": "AWS::Partition",
                      },
                      ":logs:",
                      {
                        "Ref": "AWS::Region",
                      },
                      ":",
                      {
                        "Ref": "AWS::AccountId",
                      },
                      ":log-group:/aws/codebuild/",
                      {
                        "Ref": "PipelineUpdatePipelineSelfMutationA57FA3CD",
                      },
                      ":*",
                    ],
                  ],
                },
                {
                  "Fn::Join": [
                    "",
                    [
                      "arn:",
                      {
                        "Ref": "AWS::Partition",
                      },
                      ":logs:",
                      {
                        "Ref": "AWS::Region",
                      },
                      ":",
                      {
                        "Ref": "AWS::AccountId",
                      },
                      ":log-group:/aws/codebuild/",
                      {
                        "Ref": "PipelineUpdatePipelineSelfMutationA57FA3CD",
                      },
                    ],
                  ],
                },
              ],
            },
            {
              "Action": [
                "codebuild:BatchPutCodeCoverages",
                "codebuild:BatchPutTestCases",
                "codebuild:CreateReport",
                "codebuild:CreateReportGroup",
                "codebuild:UpdateReport",
              ],
              "Effect": "Allow",
              "Resource": {
                "Fn::Join": [
                  "",
                  [
                    "arn:",
                    {
                      "Ref": "AWS::Partition",
                    },
                    ":codebuild:",
                    {
                      "Ref": "AWS::Region",
                    },
                    ":",
                    {
                      "Ref": "AWS::AccountId",
                    },
                    ":report-group/",
                    {
                      "Ref": "PipelineUpdatePipelineSelfMutationA57FA3CD",
                    },
                    "-*",
                  ],
                ],
              },
            },
            {
              "Action": "sts:AssumeRole",
              "Condition": {
                "ForAnyValue:StringEquals": {
                  "iam:ResourceTag/aws-cdk:bootstrap-role": [
                    "image-publishing",
                    "file-publishing",
                    "deploy",
                  ],
                },
              },
              "Effect": "Allow",
              "Resource": {
                "Fn::Join": [
                  "",
                  [
                    "arn:*:iam::",
                    {
                      "Ref": "AWS::AccountId",
                    },
                    ":role/*",
                  ],
                ],
              },
            },
            {
              "Action": [
                "cloudformation:DescribeStacks",
                "s3:ListBucket",
              ],
              "Effect": "Allow",
              "Resource": "*",
            },
            {
              "Action": [
                "s3:GetBucket*",
                "s3:GetObject*",
                "s3:List*",
              ],
              "Effect": "Allow",
              "Resource": [
                {
                  "Fn::GetAtt": [
                    "PipelineArtifactsBucket7F53AAE0",
                    "Arn",
                  ],
                },
                {
                  "Fn::Join": [
                    "",
                    [
                      {
                        "Fn::GetAtt": [
                          "PipelineArtifactsBucket7F53AAE0",
                          "Arn",
                        ],
                      },
                      "/*",
                    ],
                  ],
                },
              ],
            },
          ],
          "Version": "2012-10-17",
        },
        "PolicyName": "PipelineUpdatePipelineSelfMutationRoleDefaultPolicyA405C263",
        "Roles": [
          {
            "Ref": "PipelineUpdatePipelineSelfMutationRoleE992F4FA",
          },
        ],
      },
      "Type": "AWS::IAM::Policy",
    },
    "PipelineUpdatePipelineSelfMutationRoleE992F4FA": {
      "Properties": {
        "AssumeRolePolicyDocument": {
          "Statement": [
            {
              "Action": "sts:AssumeRole",
              "Effect": "Allow",
              "Principal": {
                "Service": "codebuild.amazonaws.com",
              },
            },
          ],
          "Version": "2012-10-17",
        },
      },
      "Type": "AWS::IAM::Role",
    },
  },
  "Rules": {
    "CheckBootstrapVersion": {
      "Assertions": [
        {
          "Assert": {
            "Fn::Not": [
              {
                "Fn::Contains": [
                  [
                    "1",
                    "2",
                    "3",
                    "4",
                    "5",
                  ],
                  {
                    "Ref": "BootstrapVersion",
                  },
                ],
              },
            ],
          },
          "AssertDescription": "CDK bootstrap stack version 6 required. Please run 'cdk bootstrap' with a recent version of the CDK CLI.",
        },
      ],
    },
  },
}
`;
