// Jest Snapshot v1, https://goo.gl/fbAQLP

exports[`matches snapshot 1`] = `
Object {
  "Parameters": Object {
    "BootstrapVersion": Object {
      "Default": "/cdk-bootstrap/hnb659fds/version",
      "Description": "Version of the CDK Bootstrap resources in this environment, automatically retrieved from SSM Parameter Store. [cdk:skip]",
      "Type": "AWS::SSM::Parameter::Value<String>",
    },
  },
  "Resources": Object {
    "ApiApiSchemaAndResolversStubDataSourceAEB8B4CD": Object {
      "Properties": Object {
        "ApiId": Object {
          "Fn::GetAtt": Array [
            "ApiGraphQLApiAEA06692",
            "ApiId",
          ],
        },
        "Description": "Stubbed data source for testing the API schema",
        "Name": "Stub",
        "Type": "NONE",
      },
      "Type": "AWS::AppSync::DataSource",
    },
    "ApiCertificate285C31EB": Object {
      "Properties": Object {
        "DomainName": "cobra.events",
        "Tags": Array [
          Object {
            "Key": "Name",
            "Value": "StubStack/Api/Certificate",
          },
        ],
        "ValidationMethod": "DNS",
      },
      "Type": "AWS::CertificateManager::Certificate",
    },
    "ApiGraphQLApiAEA06692": Object {
      "Properties": Object {
        "AuthenticationType": "AWS_IAM",
        "LogConfig": Object {
          "CloudWatchLogsRoleArn": Object {
            "Fn::GetAtt": Array [
              "ApiGraphQLApiApiLogsRole3D0FF3EE",
              "Arn",
            ],
          },
          "ExcludeVerboseContent": true,
          "FieldLogLevel": "ERROR",
        },
        "Name": "cobra.events",
        "XrayEnabled": false,
      },
      "Type": "AWS::AppSync::GraphQLApi",
    },
    "ApiGraphQLApiApiLogsRole3D0FF3EE": Object {
      "Properties": Object {
        "AssumeRolePolicyDocument": Object {
          "Statement": Array [
            Object {
              "Action": "sts:AssumeRole",
              "Effect": "Allow",
              "Principal": Object {
                "Service": "appsync.amazonaws.com",
              },
            },
          ],
          "Version": "2012-10-17",
        },
        "ManagedPolicyArns": Array [
          Object {
            "Fn::Join": Array [
              "",
              Array [
                "arn:",
                Object {
                  "Ref": "AWS::Partition",
                },
                ":iam::aws:policy/service-role/AWSAppSyncPushToCloudWatchLogs",
              ],
            ],
          },
        ],
      },
      "Type": "AWS::IAM::Role",
    },
    "ApiGraphQLApiDomainAssociation235EB3D8": Object {
      "DependsOn": Array [
        "ApiGraphQLApiDomainNameCAE94496",
      ],
      "Properties": Object {
        "ApiId": Object {
          "Fn::GetAtt": Array [
            "ApiGraphQLApiAEA06692",
            "ApiId",
          ],
        },
        "DomainName": "api.cobra.events",
      },
      "Type": "AWS::AppSync::DomainNameApiAssociation",
    },
    "ApiGraphQLApiDomainNameCAE94496": Object {
      "Properties": Object {
        "CertificateArn": Object {
          "Ref": "ApiCertificate285C31EB",
        },
        "Description": Object {
          "Fn::Join": Array [
            "",
            Array [
              "domain for cobra.events at ",
              Object {
                "Fn::GetAtt": Array [
                  "ApiGraphQLApiAEA06692",
                  "GraphQLUrl",
                ],
              },
            ],
          ],
        },
        "DomainName": "api.cobra.events",
      },
      "Type": "AWS::AppSync::DomainName",
    },
    "ApiGraphQLApiLogRetention7A6597AE": Object {
      "Properties": Object {
        "LogGroupName": Object {
          "Fn::Join": Array [
            "",
            Array [
              "/aws/appsync/apis/",
              Object {
                "Fn::GetAtt": Array [
                  "ApiGraphQLApiAEA06692",
                  "ApiId",
                ],
              },
            ],
          ],
        },
        "RetentionInDays": 30,
        "ServiceToken": Object {
          "Fn::GetAtt": Array [
            "LogRetentionaae0aa3c5b4d4f87b02d85b201efdd8aFD4BFC8A",
            "Arn",
          ],
        },
      },
      "Type": "Custom::LogRetention",
    },
    "ApiGraphQLApiQueryartistResolver80E20D35": Object {
      "DependsOn": Array [
        "ApiApiSchemaAndResolversStubDataSourceAEB8B4CD",
        "ApiGraphQLApiSchema54725A92",
      ],
      "Properties": Object {
        "ApiId": Object {
          "Fn::GetAtt": Array [
            "ApiGraphQLApiAEA06692",
            "ApiId",
          ],
        },
        "DataSourceName": "Stub",
        "FieldName": "artist",
        "Kind": "UNIT",
        "RequestMappingTemplate": "{
  \\"version\\": \\"2018-05-29\\",
  \\"payload\\": {
    \\"id\\": \\"some id\\",
    \\"name\\": \\"Some band\\",
    \\"bio\\": \\"Some bio\\",
    \\"socialMediaProfiles\\": [
      {
        \\"id\\": \\"some id\\",
        \\"platform\\": \\"YOUTUBE\\",
        \\"url\\": \\"https://youtube.com/some-band\\"
      }
    ]
  }
}",
        "ResponseMappingTemplate": "$util.toJson($context.result)",
        "TypeName": "Query",
      },
      "Type": "AWS::AppSync::Resolver",
    },
    "ApiGraphQLApiSchema54725A92": Object {
      "Properties": Object {
        "ApiId": Object {
          "Fn::GetAtt": Array [
            "ApiGraphQLApiAEA06692",
            "ApiId",
          ],
        },
        "Definition": "schema {
  query: Query
}
interface Node {
  id: ID!
}
enum SocialMediaPlatform {
  YOUTUBE
  FACEBOOK
  INSTAGRAM
  TIKTOK
  TWITTER
}
type SocialMediaProfileNode implements Node {
  platform: SocialMediaPlatform!
  url: AWSURL!
  id: ID!
}
type SocialMediaProfileNodeEdge {
  node: SocialMediaProfileNode!
  nextToken: String
}
type SocialMediaProfileNodeConnection {
  edges: [SocialMediaProfileNodeEdge]!
  SocialMediaProfileNodes: [SocialMediaProfileNode]!
  totalCount: Int!
}
type ArtistNode implements Node {
  name: String!
  bio: String!
  socialMediaProfiles: [SocialMediaProfileNode]!
  id: ID!
}
type ArtistNodeEdge {
  node: ArtistNode!
  nextToken: String
}
type ArtistNodeConnection {
  edges: [ArtistNodeEdge]!
  ArtistNodes: [ArtistNode]!
  totalCount: Int!
}
type Query {
  artist(id: ID!): ArtistNode
}
",
      },
      "Type": "AWS::AppSync::GraphQLSchema",
    },
    "HostingAmplifyAppD0A66DD7": Object {
      "Properties": Object {
        "BasicAuthConfig": Object {
          "EnableBasicAuth": false,
        },
        "BuildSpec": "version: \\"1.0\\"
frontend:
  phases:
    preBuild:
      commands:
        - cd app
        - npm ci
    build:
      commands:
        - npm run build
  artifacts:
    baseDirectory: app/.next
    files:
      - \\"**/*\\"
  cache:
    paths:
      - app/node_modules/**/*
      - app/.next/cache/**/*
",
        "IAMServiceRole": Object {
          "Fn::GetAtt": Array [
            "HostingAmplifyAppRole2ED31E04",
            "Arn",
          ],
        },
        "Name": "cobra.events",
        "OauthToken": "{{resolve:secretsmanager:github-token:SecretString:::}}",
        "Repository": "https://github.com/seanWLawrence/cobra.events",
      },
      "Type": "AWS::Amplify::App",
    },
    "HostingAmplifyAppRole2ED31E04": Object {
      "Properties": Object {
        "AssumeRolePolicyDocument": Object {
          "Statement": Array [
            Object {
              "Action": "sts:AssumeRole",
              "Effect": "Allow",
              "Principal": Object {
                "Service": "amplify.amazonaws.com",
              },
            },
          ],
          "Version": "2012-10-17",
        },
      },
      "Type": "AWS::IAM::Role",
    },
    "HostingAmplifyAppcobraevents144D2F41": Object {
      "Properties": Object {
        "AppId": Object {
          "Fn::GetAtt": Array [
            "HostingAmplifyAppD0A66DD7",
            "AppId",
          ],
        },
        "AutoSubDomainCreationPatterns": Array [
          "dev",
        ],
        "AutoSubDomainIAMRole": Object {
          "Fn::GetAtt": Array [
            "HostingAmplifyAppRole2ED31E04",
            "Arn",
          ],
        },
        "DomainName": "cobra.events",
        "EnableAutoSubDomain": true,
        "SubDomainSettings": Array [
          Object {
            "BranchName": Object {
              "Fn::GetAtt": Array [
                "HostingAmplifyAppmainF19A1BC7",
                "BranchName",
              ],
            },
            "Prefix": "",
          },
          Object {
            "BranchName": Object {
              "Fn::GetAtt": Array [
                "HostingAmplifyAppmainF19A1BC7",
                "BranchName",
              ],
            },
            "Prefix": "www",
          },
          Object {
            "BranchName": Object {
              "Fn::GetAtt": Array [
                "HostingAmplifyAppdev4BAE7044",
                "BranchName",
              ],
            },
            "Prefix": "dev",
          },
        ],
      },
      "Type": "AWS::Amplify::Domain",
    },
    "HostingAmplifyAppdev4BAE7044": Object {
      "Properties": Object {
        "AppId": Object {
          "Fn::GetAtt": Array [
            "HostingAmplifyAppD0A66DD7",
            "AppId",
          ],
        },
        "BranchName": "dev",
        "EnableAutoBuild": true,
        "EnablePullRequestPreview": true,
      },
      "Type": "AWS::Amplify::Branch",
    },
    "HostingAmplifyAppmainF19A1BC7": Object {
      "Properties": Object {
        "AppId": Object {
          "Fn::GetAtt": Array [
            "HostingAmplifyAppD0A66DD7",
            "AppId",
          ],
        },
        "BranchName": "main",
        "EnableAutoBuild": true,
        "EnablePullRequestPreview": true,
      },
      "Type": "AWS::Amplify::Branch",
    },
    "LogRetentionaae0aa3c5b4d4f87b02d85b201efdd8aFD4BFC8A": Object {
      "DependsOn": Array [
        "LogRetentionaae0aa3c5b4d4f87b02d85b201efdd8aServiceRoleDefaultPolicyADDA7DEB",
        "LogRetentionaae0aa3c5b4d4f87b02d85b201efdd8aServiceRole9741ECFB",
      ],
      "Properties": Object {
        "Code": Object {
          "S3Bucket": Object {
            "Fn::Sub": "cdk-hnb659fds-assets-\${AWS::AccountId}-\${AWS::Region}",
          },
          "S3Key": "eb5b005c858404ea0c8f68098ed5dcdf5340e02461f149751d10f59c210d5ef8.zip",
        },
        "Handler": "index.handler",
        "Role": Object {
          "Fn::GetAtt": Array [
            "LogRetentionaae0aa3c5b4d4f87b02d85b201efdd8aServiceRole9741ECFB",
            "Arn",
          ],
        },
        "Runtime": "nodejs14.x",
      },
      "Type": "AWS::Lambda::Function",
    },
    "LogRetentionaae0aa3c5b4d4f87b02d85b201efdd8aServiceRole9741ECFB": Object {
      "Properties": Object {
        "AssumeRolePolicyDocument": Object {
          "Statement": Array [
            Object {
              "Action": "sts:AssumeRole",
              "Effect": "Allow",
              "Principal": Object {
                "Service": "lambda.amazonaws.com",
              },
            },
          ],
          "Version": "2012-10-17",
        },
        "ManagedPolicyArns": Array [
          Object {
            "Fn::Join": Array [
              "",
              Array [
                "arn:",
                Object {
                  "Ref": "AWS::Partition",
                },
                ":iam::aws:policy/service-role/AWSLambdaBasicExecutionRole",
              ],
            ],
          },
        ],
      },
      "Type": "AWS::IAM::Role",
    },
    "LogRetentionaae0aa3c5b4d4f87b02d85b201efdd8aServiceRoleDefaultPolicyADDA7DEB": Object {
      "Properties": Object {
        "PolicyDocument": Object {
          "Statement": Array [
            Object {
              "Action": Array [
                "logs:DeleteRetentionPolicy",
                "logs:PutRetentionPolicy",
              ],
              "Effect": "Allow",
              "Resource": "*",
            },
          ],
          "Version": "2012-10-17",
        },
        "PolicyName": "LogRetentionaae0aa3c5b4d4f87b02d85b201efdd8aServiceRoleDefaultPolicyADDA7DEB",
        "Roles": Array [
          Object {
            "Ref": "LogRetentionaae0aa3c5b4d4f87b02d85b201efdd8aServiceRole9741ECFB",
          },
        ],
      },
      "Type": "AWS::IAM::Policy",
    },
  },
  "Rules": Object {
    "CheckBootstrapVersion": Object {
      "Assertions": Array [
        Object {
          "Assert": Object {
            "Fn::Not": Array [
              Object {
                "Fn::Contains": Array [
                  Array [
                    "1",
                    "2",
                    "3",
                    "4",
                    "5",
                  ],
                  Object {
                    "Ref": "BootstrapVersion",
                  },
                ],
              },
            ],
          },
          "AssertDescription": "CDK bootstrap stack version 6 required. Please run 'cdk bootstrap' with a recent version of the CDK CLI.",
        },
      ],
    },
  },
}
`;
