// Jest Snapshot v1, https://goo.gl/fbAQLP

exports[`matches snapshot 1`] = `
Object {
  "Parameters": Object {
    "BootstrapVersion": Object {
      "Default": "/cdk-bootstrap/hnb659fds/version",
      "Description": "Version of the CDK Bootstrap resources in this environment, automatically retrieved from SSM Parameter Store. [cdk:skip]",
      "Type": "AWS::SSM::Parameter::Value<String>",
    },
  },
  "Resources": Object {
    "HostingAmplifyAppAppBasicAuthE765CD27": Object {
      "DeletionPolicy": "Delete",
      "Properties": Object {
        "GenerateSecretString": Object {
          "GenerateStringKey": "password",
          "SecretStringTemplate": "{\\"username\\":\\"admin\\"}",
        },
      },
      "Type": "AWS::SecretsManager::Secret",
      "UpdateReplacePolicy": "Delete",
    },
    "HostingAmplifyAppD0A66DD7": Object {
      "Properties": Object {
        "BasicAuthConfig": Object {
          "EnableBasicAuth": true,
          "Password": Object {
            "Fn::Join": Array [
              "",
              Array [
                "{{resolve:secretsmanager:",
                Object {
                  "Ref": "HostingAmplifyAppAppBasicAuthE765CD27",
                },
                ":SecretString:password::}}",
              ],
            ],
          },
          "Username": "admin",
        },
        "BuildSpec": "version: \\"1.0\\"
frontend:
  phases:
    preBuild:
      commands:
        - npm ci
    build:
      commands:
        - npm run build
  artifacts:
    baseDirectory: .next
    files:
      - \\"**/*\\"
  cache:
    paths:
      - node_modules/**/*
      - .next/cache/**/*
",
        "IAMServiceRole": Object {
          "Fn::GetAtt": Array [
            "HostingAmplifyAppRole2ED31E04",
            "Arn",
          ],
        },
        "Name": "cobra.events",
        "Repository": Object {
          "Fn::GetAtt": Array [
            "RepositorycobraeventsF5339E1F",
            "CloneUrlHttp",
          ],
        },
      },
      "Type": "AWS::Amplify::App",
    },
    "HostingAmplifyAppRole2ED31E04": Object {
      "Properties": Object {
        "AssumeRolePolicyDocument": Object {
          "Statement": Array [
            Object {
              "Action": "sts:AssumeRole",
              "Effect": "Allow",
              "Principal": Object {
                "Service": "amplify.amazonaws.com",
              },
            },
          ],
          "Version": "2012-10-17",
        },
      },
      "Type": "AWS::IAM::Role",
    },
    "HostingAmplifyAppRoleDefaultPolicy4C996CA1": Object {
      "Properties": Object {
        "PolicyDocument": Object {
          "Statement": Array [
            Object {
              "Action": "codecommit:GitPull",
              "Effect": "Allow",
              "Resource": Object {
                "Fn::GetAtt": Array [
                  "RepositorycobraeventsF5339E1F",
                  "Arn",
                ],
              },
            },
          ],
          "Version": "2012-10-17",
        },
        "PolicyName": "HostingAmplifyAppRoleDefaultPolicy4C996CA1",
        "Roles": Array [
          Object {
            "Ref": "HostingAmplifyAppRole2ED31E04",
          },
        ],
      },
      "Type": "AWS::IAM::Policy",
    },
    "HostingAmplifyAppcobraevents144D2F41": Object {
      "Properties": Object {
        "AppId": Object {
          "Fn::GetAtt": Array [
            "HostingAmplifyAppD0A66DD7",
            "AppId",
          ],
        },
        "AutoSubDomainCreationPatterns": Array [
          "dev",
        ],
        "AutoSubDomainIAMRole": Object {
          "Fn::GetAtt": Array [
            "HostingAmplifyAppRole2ED31E04",
            "Arn",
          ],
        },
        "DomainName": "cobra.events",
        "EnableAutoSubDomain": true,
        "SubDomainSettings": Array [
          Object {
            "BranchName": Object {
              "Fn::GetAtt": Array [
                "HostingAmplifyAppmainF19A1BC7",
                "BranchName",
              ],
            },
            "Prefix": "",
          },
          Object {
            "BranchName": Object {
              "Fn::GetAtt": Array [
                "HostingAmplifyAppmainF19A1BC7",
                "BranchName",
              ],
            },
            "Prefix": "www",
          },
          Object {
            "BranchName": Object {
              "Fn::GetAtt": Array [
                "HostingAmplifyAppdev4BAE7044",
                "BranchName",
              ],
            },
            "Prefix": "dev",
          },
        ],
      },
      "Type": "AWS::Amplify::Domain",
    },
    "HostingAmplifyAppdev4BAE7044": Object {
      "Properties": Object {
        "AppId": Object {
          "Fn::GetAtt": Array [
            "HostingAmplifyAppD0A66DD7",
            "AppId",
          ],
        },
        "BranchName": "dev",
        "EnableAutoBuild": true,
        "EnablePullRequestPreview": true,
      },
      "Type": "AWS::Amplify::Branch",
    },
    "HostingAmplifyAppmainF19A1BC7": Object {
      "Properties": Object {
        "AppId": Object {
          "Fn::GetAtt": Array [
            "HostingAmplifyAppD0A66DD7",
            "AppId",
          ],
        },
        "BranchName": "main",
        "EnableAutoBuild": true,
        "EnablePullRequestPreview": true,
      },
      "Type": "AWS::Amplify::Branch",
    },
    "RepositorycobraeventsF5339E1F": Object {
      "Properties": Object {
        "RepositoryName": "cobra.events",
      },
      "Type": "AWS::CodeCommit::Repository",
    },
  },
  "Rules": Object {
    "CheckBootstrapVersion": Object {
      "Assertions": Array [
        Object {
          "Assert": Object {
            "Fn::Not": Array [
              Object {
                "Fn::Contains": Array [
                  Array [
                    "1",
                    "2",
                    "3",
                    "4",
                    "5",
                  ],
                  Object {
                    "Ref": "BootstrapVersion",
                  },
                ],
              },
            ],
          },
          "AssertDescription": "CDK bootstrap stack version 6 required. Please run 'cdk bootstrap' with a recent version of the CDK CLI.",
        },
      ],
    },
  },
}
`;
