// Vitest Snapshot v1

exports[`matches snapshot 1`] = `
{
  "Parameters": {
    "BootstrapVersion": {
      "Default": "/cdk-bootstrap/hnb659fds/version",
      "Description": "Version of the CDK Bootstrap resources in this environment, automatically retrieved from SSM Parameter Store. [cdk:skip]",
      "Type": "AWS::SSM::Parameter::Value<String>",
    },
  },
  "Resources": {
    "ApiSchemaAndResolversStubDataSourceD27C846A": {
      "Properties": {
        "ApiId": {
          "Fn::GetAtt": [
            "GraphQLApi6F81E747",
            "ApiId",
          ],
        },
        "Description": "Stubbed data source for testing the API schema",
        "Name": "Stub",
        "Type": "NONE",
      },
      "Type": "AWS::AppSync::DataSource",
    },
    "GraphQLApi6F81E747": {
      "Properties": {
        "AuthenticationType": "AWS_IAM",
        "LogConfig": {
          "CloudWatchLogsRoleArn": {
            "Fn::GetAtt": [
              "GraphQLApiApiLogsRoleA56C304B",
              "Arn",
            ],
          },
          "ExcludeVerboseContent": true,
          "FieldLogLevel": "ERROR",
        },
        "Name": "cobra.events",
        "XrayEnabled": false,
      },
      "Type": "AWS::AppSync::GraphQLApi",
    },
    "GraphQLApiApiLogsRoleA56C304B": {
      "Properties": {
        "AssumeRolePolicyDocument": {
          "Statement": [
            {
              "Action": "sts:AssumeRole",
              "Effect": "Allow",
              "Principal": {
                "Service": "appsync.amazonaws.com",
              },
            },
          ],
          "Version": "2012-10-17",
        },
        "ManagedPolicyArns": [
          {
            "Fn::Join": [
              "",
              [
                "arn:",
                {
                  "Ref": "AWS::Partition",
                },
                ":iam::aws:policy/service-role/AWSAppSyncPushToCloudWatchLogs",
              ],
            ],
          },
        ],
      },
      "Type": "AWS::IAM::Role",
    },
    "GraphQLApiDomainAssociationE2FC66E2": {
      "DependsOn": [
        "GraphQLApiDomainName60CF48F3",
      ],
      "Properties": {
        "ApiId": {
          "Fn::GetAtt": [
            "GraphQLApi6F81E747",
            "ApiId",
          ],
        },
        "DomainName": "api.cobra.events",
      },
      "Type": "AWS::AppSync::DomainNameApiAssociation",
    },
    "GraphQLApiDomainName60CF48F3": {
      "Properties": {
        "CertificateArn": "arn:aws:acm:us-east-1:512083878312:certificate/c5bfd2ac-f259-4c4f-8d42-34ae425777f2",
        "Description": {
          "Fn::Join": [
            "",
            [
              "domain for cobra.events at ",
              {
                "Fn::GetAtt": [
                  "GraphQLApi6F81E747",
                  "GraphQLUrl",
                ],
              },
            ],
          ],
        },
        "DomainName": "api.cobra.events",
      },
      "Type": "AWS::AppSync::DomainName",
    },
    "GraphQLApiLogRetention061E0399": {
      "Properties": {
        "LogGroupName": {
          "Fn::Join": [
            "",
            [
              "/aws/appsync/apis/",
              {
                "Fn::GetAtt": [
                  "GraphQLApi6F81E747",
                  "ApiId",
                ],
              },
            ],
          ],
        },
        "RetentionInDays": 30,
        "ServiceToken": {
          "Fn::GetAtt": [
            "LogRetentionaae0aa3c5b4d4f87b02d85b201efdd8aFD4BFC8A",
            "Arn",
          ],
        },
      },
      "Type": "Custom::LogRetention",
    },
    "GraphQLApiQueryartistResolverA2BF4F02": {
      "DependsOn": [
        "ApiSchemaAndResolversStubDataSourceD27C846A",
        "GraphQLApiSchema5937B126",
      ],
      "Properties": {
        "ApiId": {
          "Fn::GetAtt": [
            "GraphQLApi6F81E747",
            "ApiId",
          ],
        },
        "DataSourceName": "Stub",
        "FieldName": "artist",
        "Kind": "UNIT",
        "RequestMappingTemplate": "{
  \\"version\\": \\"2018-05-29\\",
  \\"payload\\": {
    \\"id\\": \\"some id\\",
    \\"name\\": \\"Some band\\",
    \\"bio\\": \\"Some bio\\",
    \\"socialMediaProfiles\\": [
      {
        \\"id\\": \\"some id\\",
        \\"platform\\": \\"YOUTUBE\\",
        \\"url\\": \\"https://youtube.com/some-band\\"
      }
    ]
  }
}",
        "ResponseMappingTemplate": "$util.toJson($context.result)",
        "TypeName": "Query",
      },
      "Type": "AWS::AppSync::Resolver",
    },
    "GraphQLApiSchema5937B126": {
      "Properties": {
        "ApiId": {
          "Fn::GetAtt": [
            "GraphQLApi6F81E747",
            "ApiId",
          ],
        },
        "Definition": "schema {
  query: Query
}
interface Node {
  id: ID!
}
enum SocialMediaPlatform {
  YOUTUBE
  FACEBOOK
  INSTAGRAM
  TIKTOK
  TWITTER
}
type SocialMediaProfileNode implements Node {
  platform: SocialMediaPlatform!
  url: AWSURL!
  id: ID!
}
type SocialMediaProfileNodeEdge {
  node: SocialMediaProfileNode!
  nextToken: String
}
type SocialMediaProfileNodeConnection {
  edges: [SocialMediaProfileNodeEdge]!
  SocialMediaProfileNodes: [SocialMediaProfileNode]!
  totalCount: Int!
}
type ArtistNode implements Node {
  name: String!
  bio: String!
  socialMediaProfiles: [SocialMediaProfileNode]!
  id: ID!
}
type ArtistNodeEdge {
  node: ArtistNode!
  nextToken: String
}
type ArtistNodeConnection {
  edges: [ArtistNodeEdge]!
  ArtistNodes: [ArtistNode]!
  totalCount: Int!
}
type Query {
  artist(id: ID!): ArtistNode
}
",
      },
      "Type": "AWS::AppSync::GraphQLSchema",
    },
    "LogRetentionaae0aa3c5b4d4f87b02d85b201efdd8aFD4BFC8A": {
      "DependsOn": [
        "LogRetentionaae0aa3c5b4d4f87b02d85b201efdd8aServiceRoleDefaultPolicyADDA7DEB",
        "LogRetentionaae0aa3c5b4d4f87b02d85b201efdd8aServiceRole9741ECFB",
      ],
      "Properties": {
        "Code": {
          "S3Bucket": {
            "Fn::Sub": "cdk-hnb659fds-assets-\${AWS::AccountId}-\${AWS::Region}",
          },
          "S3Key": "eb5b005c858404ea0c8f68098ed5dcdf5340e02461f149751d10f59c210d5ef8.zip",
        },
        "Handler": "index.handler",
        "Role": {
          "Fn::GetAtt": [
            "LogRetentionaae0aa3c5b4d4f87b02d85b201efdd8aServiceRole9741ECFB",
            "Arn",
          ],
        },
        "Runtime": "nodejs14.x",
      },
      "Type": "AWS::Lambda::Function",
    },
    "LogRetentionaae0aa3c5b4d4f87b02d85b201efdd8aServiceRole9741ECFB": {
      "Properties": {
        "AssumeRolePolicyDocument": {
          "Statement": [
            {
              "Action": "sts:AssumeRole",
              "Effect": "Allow",
              "Principal": {
                "Service": "lambda.amazonaws.com",
              },
            },
          ],
          "Version": "2012-10-17",
        },
        "ManagedPolicyArns": [
          {
            "Fn::Join": [
              "",
              [
                "arn:",
                {
                  "Ref": "AWS::Partition",
                },
                ":iam::aws:policy/service-role/AWSLambdaBasicExecutionRole",
              ],
            ],
          },
        ],
      },
      "Type": "AWS::IAM::Role",
    },
    "LogRetentionaae0aa3c5b4d4f87b02d85b201efdd8aServiceRoleDefaultPolicyADDA7DEB": {
      "Properties": {
        "PolicyDocument": {
          "Statement": [
            {
              "Action": [
                "logs:DeleteRetentionPolicy",
                "logs:PutRetentionPolicy",
              ],
              "Effect": "Allow",
              "Resource": "*",
            },
          ],
          "Version": "2012-10-17",
        },
        "PolicyName": "LogRetentionaae0aa3c5b4d4f87b02d85b201efdd8aServiceRoleDefaultPolicyADDA7DEB",
        "Roles": [
          {
            "Ref": "LogRetentionaae0aa3c5b4d4f87b02d85b201efdd8aServiceRole9741ECFB",
          },
        ],
      },
      "Type": "AWS::IAM::Policy",
    },
  },
  "Rules": {
    "CheckBootstrapVersion": {
      "Assertions": [
        {
          "Assert": {
            "Fn::Not": [
              {
                "Fn::Contains": [
                  [
                    "1",
                    "2",
                    "3",
                    "4",
                    "5",
                  ],
                  {
                    "Ref": "BootstrapVersion",
                  },
                ],
              },
            ],
          },
          "AssertDescription": "CDK bootstrap stack version 6 required. Please run 'cdk bootstrap' with a recent version of the CDK CLI.",
        },
      ],
    },
  },
}
`;
